// Jest Snapshot v1, https://goo.gl/fbAQLP

exports[`Layout renders correct 1`] = `ShallowWrapper {}`;
